// Jest Snapshot v1, https://goo.gl/fbAQLP

exports[`admin override status renders correctly should render correctly 1`] = `
<div
  id="admin-override-status"
>
  <h3
    id="admin-message"
  >
    An administrator has provided authorisation to enable merging of this pull request request before all code insight status reports have passed.
  </h3>
</div>
`;
